// Vitest Snapshot v1

exports[`BalanceAppComponent > Snapshot de BalanceAppComponent 1`] = `
"<div class=\\"card\\">
  <div class=\\"card__header\\">
    <h3 class=\\"card__title\\">Balance</h3>
  </div>
  <div class=\\"card__body\\"></div>
</div>"
`;
