// Vitest Snapshot v1

exports[`BalanceAppComponent > Snapshot de TusViejesAppComponent 1`] = `
"<div class=\\"card\\">
  <div class=\\"card__header\\">
    <h3 class=\\"card__title\\">Tus viejes</h3>
  </div>
  <div class=\\"card__body\\"></div>
</div>"
`;

exports[`TusViejesAppComponent > Snapshot de TusViejesAppComponent 1`] = `
"<div class=\\"card\\">
  <div class=\\"card__header\\">
    <h3 class=\\"card__title\\">Tus viejes</h3>
  </div>
  <div class=\\"card__body\\"></div>
</div>"
`;
