// Vitest Snapshot v1

exports[`ViejesDisponiblesAppComponent > Snapshot de ViejesDisponiblesAppComponent 1`] = `
"<div class=\\"card\\">
  <div class=\\"card__header\\">
    <h3 class=\\"card__title\\">Viajes disponibles</h3>
  </div>
  <div class=\\"card__body\\">
    <ul class=\\"card__list\\"></ul>
  </div>
</div>"
`;
