// Vitest Snapshot v1

exports[`Component app > Snapshot de app 1`] = `
"<header class=\\"hero\\">
  <div class=\\"horo__logo\\">
    <h3>TurMicro</h3>
  </div>
</header>
<main class=\\"main\\">
  <!--v-if-->
  <div class=\\"card\\">
    <div class=\\"card__header\\">
      <h3 class=\\"card__title\\">Puntos acomulados</h3>
    </div>
    <div class=\\"card__body\\"></div>
  </div>
  <!--v-if-->
  <!--v-if-->
</main>"
`;
